
> UF2175_TA02_rastreador@0.0.0 build
> tsc && vite build

node.exe : "tsc" no se reconoce como un comando interno o externo,
En línea: 1 Carácter: 1
+ & "C:\Program Files\nodejs/node.exe" "C:\Users\Matins\AppData\Roaming ...
+ ~~~~~~~~~~~~~~~~~~~~~~~~~~~~~~~~~~~~~~~~~~~~~~~~~~~~~~~~~~~~~~~~~~~~~
    + CategoryInfo          : NotSpecified: ("tsc" no se rec...erno o externo, 
   :String) [], RemoteException
    + FullyQualifiedErrorId : NativeCommandError
 
programa o archivo por lotes ejecutable.
